$ cd ~/icecream
Puis, réinitialisez Git de manière à pouvoir démarrer en utilisant des commandes Git à l’intérieur du répertoire. Le dossier est désormais un dépôt Git.

$ git init
Attendez, est-ce le bon fichier ? Voici comment vérifier et vous assurer que c’est bien l’endroit où vous 
avez stocké votre design :

$ git status
Et c’est ce que Git vous dira en retour :

# Untracked files:
# (use "git add ..." to include in what will be committed)
#

# chocolat.jpeg
Ayé ils sont ici ! Ajoutez-les dans votre dépôt local Git pour qu’ils soient suivis par Git.

$ git add chocolat.jpeg
Maintenant, faites un “instantané” du dépôt tel qu’il est maintenant avec la commande commit :

$ git commit -m "Ajoute chocolat.jpeg."
Bravo ! Mais vos collègues, acharnés au boulot dans leurs propres dépôts locaux, ne peuvent pas voir votre tout nouveau design ! Ceci parce que le projet principal est stocké dans le compte Github de la société (nom d’utilisateur : 123WebDesign) dans le dépôt intitulé “icecream.”

Parce que vous ne vous êtes pas encore connecté au dépôt GitHub, votre ordinateur ne sait même pas qu’il existe. Aussi, déclarez votre dépôt local :

$ git remote add origin https://github.com/sondossamandi/projets
Et double-checkez pour vous assurer qu’il le connaît :

$ git remote -v
Pour finir, c’est le moment que vous attendiez. Téléversez ce délicieux sundae sur le projet :

git push


################################
Adding an existing project to GitHub using the command line
MAC WINDOWS LINUX
Putting your existing work on GitHub can let you share and collaborate in lots of great ways.

If you are migrating your project from CodePlex, read the migration guide for more information.

Tip: If you're most comfortable with a point-and-click user interface, try adding your project with GitHub Desktop. For more information, see "Adding a repository from your local computer to GitHub Desktop" in the GitHub Desktop Help.
Warning: Never git add, commit, or push sensitive information to a remote repository. Sensitive information can include, but is not limited to:

Passwords
SSH keys
AWS access keys
API keys
Credit card numbers
PIN numbers
For more information, see "Removing sensitive data from a repository."
 Create New Repository drop-downCreate a new repository on GitHub. To avoid errors, do not initialize the new repository with README, license, or gitignore files. You can add these files after your project has been pushed to GitHub.
Open Terminal.

Change the current working directory to your local project.

Initialize the local directory as a Git repository.

git init
Add the files in your new local repository. This stages them for the first commit.

git add .
# Adds the files in the local repository and stages them for commit. To unstage a file, use 'git reset HEAD YOUR-FILE'.
Commit the files that you've staged in your local repository.

git commit -m "First commit"
# Commits the tracked changes and prepares them to be pushed to a remote repository. To remove this commit and modify the file, use 'git reset --soft HEAD~1' and commit and add the file again.
Copy remote repository URL fieldAt the top of your GitHub repository's Quick Setup page, click  to copy the remote repository URL.

In Terminal, add the URL for the remote repository where your local repository will be pushed.

git remote add origin remote repository URL
# Sets the new remote
git remote -v
# Verifies the new remote URL
Push the changes in your local repository to GitHub.

git push origin master
# Pushes the changes in your local repository up to the remote repository you specified as the origin
